17:21:57 **** Build of configuration Debug for project CMV2000_ctrl ****
make all 
make --no-print-directory pre-build
a9-linaro-pre-build-step
' '
make --no-print-directory main-build
'Building file: ../src/main.c'
'Invoking: ARM v7 gcc compiler'
arm-none-eabi-gcc -Wall -O0 -g3 -c -fmessage-length=0 -MT"src/main.o" -mcpu=cortex-a9 -mfpu=vfpv3 -mfloat-abi=hard -ID:/Files/VivadoProjects/CMV2000_ctrl/vitis1/system_wrapper/export/system_wrapper/sw/system_wrapper/standalone_ps7_cortexa9_0/bspinclude/include -MMD -MP -MF"src/main.d" -MT"src/main.o" -o "src/main.o" "../src/main.c"
'Finished building: ../src/main.c'
' '
'Building target: CMV2000_ctrl.elf'
'Invoking: ARM v7 gcc linker'
arm-none-eabi-gcc -mcpu=cortex-a9 -mfpu=vfpv3 -mfloat-abi=hard -Wl,-build-id=none -specs=Xilinx.spec -Wl,-T -Wl,../src/lscript.ld -LD:/Files/VivadoProjects/CMV2000_ctrl/vitis1/system_wrapper/export/system_wrapper/sw/system_wrapper/standalone_ps7_cortexa9_0/bsplib/lib -o "CMV2000_ctrl.elf"  ./src/main.o   -Wl,--start-group,-lxil,-lgcc,-lc,--end-group
'Finished building target: CMV2000_ctrl.elf'
' '
'Invoking: ARM v7 Print Size'
arm-none-eabi-size CMV2000_ctrl.elf  |tee "CMV2000_ctrl.elf.size"
   text	   data	    bss	    dec	    hex	filename
  61387	   2580	  22744	  86711	  152b7	CMV2000_ctrl.elf
'Finished building: CMV2000_ctrl.elf.size'
' '

17:21:58 Build Finished (took 952ms)

